 Simulation started
 Number of iterations =            500000000
 iter =               500000
 iter =              1000000
 iter =              1500000
 iter =              2000000
 iter =              2500000
 iter =              3000000
 iter =              3500000
 iter =              4000000
 iter =              4500000
 iter =              5000000
 iter =              5500000
 iter =              6000000
 iter =              6500000
 iter =              7000000
 iter =              7500000
 iter =              8000000
 iter =              8500000
 iter =              9000000
 iter =              9500000
 iter =             10000000
 iter =             10500000
 iter =             11000000
 iter =             11500000
 iter =             12000000
 iter =             12500000
 iter =             13000000
 iter =             13500000
 iter =             14000000
 iter =             14500000
 iter =             15000000
 iter =             15500000
 iter =             16000000
 iter =             16500000
 iter =             17000000
 iter =             17500000
 iter =             18000000
 iter =             18500000
 iter =             19000000
 iter =             19500000
 iter =             20000000
 iter =             20500000
 iter =             21000000
 iter =             21500000
 iter =             22000000
 iter =             22500000
 iter =             23000000
 iter =             23500000
 iter =             24000000
 iter =             24500000
 iter =             25000000
 iter =             25500000
 iter =             26000000
 iter =             26500000
 iter =             27000000
 iter =             27500000
 iter =             28000000
 iter =             28500000
 iter =             29000000
 iter =             29500000
 iter =             30000000
 iter =             30500000
 iter =             31000000
 iter =             31500000
 iter =             32000000
 iter =             32500000
 iter =             33000000
 iter =             33500000
 iter =             34000000
 iter =             34500000
 iter =             35000000
 iter =             35500000
 Converged at iter =             35880000
