 Simulation started
 Number of iterations =            500000000
 iter =               500000
 iter =              1000000
 iter =              1500000
 iter =              2000000
 iter =              2500000
 iter =              3000000
 iter =              3500000
 iter =              4000000
 iter =              4500000
 iter =              5000000
 iter =              5500000
 iter =              6000000
 iter =              6500000
 iter =              7000000
 iter =              7500000
 iter =              8000000
 iter =              8500000
 iter =              9000000
 iter =              9500000
 iter =             10000000
 iter =             10500000
 Converged at iter =             10540000
